// Jest Snapshot v1, https://goo.gl/fbAQLP

exports[`renders without crashing 1`] = `
ShallowWrapper {
  "length": 1,
  Symbol(enzyme.__root__): [Circular],
  Symbol(enzyme.__unrendered__): <Unknown
    light={
      Object {
        "id": 1,
        "name": "Test Light",
        "state": Object {
          "on": true,
        },
        "swupdate": Object {
          "lastInstall": "recently",
          "state": "updated",
        },
        "type": "",
      }
    }
  />,
  Symbol(enzyme.__renderer__): Object {
    "batchedUpdates": [Function],
    "getNode": [Function],
    "render": [Function],
    "simulateEvent": [Function],
    "unmount": [Function],
  },
  Symbol(enzyme.__node__): Object {
    "instance": null,
    "key": undefined,
    "nodeType": "function",
    "props": Object {
      "children": <withStyles(CardHeader)
        avatar={
          <withStyles(Component)
            classes={Object {}}
            isLit={true}
          />
        }
        onClick={[Function]}
        title="Test Light"
      />,
      "className": undefined,
      "raised": false,
    },
    "ref": null,
    "rendered": Object {
      "instance": null,
      "key": undefined,
      "nodeType": "class",
      "props": Object {
        "avatar": <withStyles(Component)
          classes={Object {}}
          isLit={true}
        />,
        "onClick": [Function],
        "title": "Test Light",
      },
      "ref": null,
      "rendered": null,
      "type": [Function],
    },
    "type": [Function],
  },
  Symbol(enzyme.__nodes__): Array [
    Object {
      "instance": null,
      "key": undefined,
      "nodeType": "function",
      "props": Object {
        "children": <withStyles(CardHeader)
          avatar={
            <withStyles(Component)
              classes={Object {}}
              isLit={true}
            />
          }
          onClick={[Function]}
          title="Test Light"
        />,
        "className": undefined,
        "raised": false,
      },
      "ref": null,
      "rendered": Object {
        "instance": null,
        "key": undefined,
        "nodeType": "class",
        "props": Object {
          "avatar": <withStyles(Component)
            classes={Object {}}
            isLit={true}
          />,
          "onClick": [Function],
          "title": "Test Light",
        },
        "ref": null,
        "rendered": null,
        "type": [Function],
      },
      "type": [Function],
    },
  ],
  Symbol(enzyme.__options__): Object {
    "adapter": ReactSixteenAdapter {
      "options": Object {
        "enableComponentDidUpdateOnSetState": true,
      },
    },
  },
}
`;
